ď»żnpx : Î“ĂśĂˇ Warning: 
Next.js inferred your 
workspace root, but 
it may not be correct.
At line:1 char:1
+ npx next build 2>&1 
| Out-File -FilePath 
"build_output.txt" 
-Encoding ...
+ ~~~~~~~~~~~~~~~~~~~
    + CategoryInfo    
          : 
NotSpecified: (Î“    
ĂśĂˇ Warning: Ne...not  
   be 
correct.:String) [    
], RemoteException
    + 
FullyQualifiedError   
 Id : 
NativeCommandErr    or
 
 We detected multiple 
lockfiles and 
selected the 
directory of C:\Users\
Nitesh\package-lock.js
on as the root 
directory.
 To silence this 
warning, set 
`turbopack.root` in 
your Next.js config, 
or consider removing 
one of the lockfiles 
if it's not needed.
   See https://nextjs.
org/docs/app/api-refer
ence/config/next-confi
g-js/turbopack#root-di
rectory for more 
information.
 Detected additional 
lockfiles: 
   * C:\Users\Nitesh\D
esktop\GoG_MS\package-
lock.json

Î“Ă»â–“ Next.js 16.1.6 (Turbopack)
- Environments: .env.local

  Creating an optimized production build ...
Î“ÂŁĂ´ Compiled successfully in 11.0s
  Running TypeScript ...
  Collecting page data using 15 workers ...
  Generating static pages using 15 workers (0/72) ...
  Generating static pages using 15 workers (18/72) 
  Generating static pages using 15 workers (36/72) 
  Generating static pages using 15 workers (54/72) 
Î“ÂŁĂ´ Generating static pages using 15 workers (72/72) in 2.9s
  Finalizing page optimization ...

Route (app)
Î“Ă¶Ă® Î“ĂąĂŻ /
Î“Ă¶ÂŁ Î“ĂąĂŻ /_not-found
Î“Ă¶ÂŁ Î“ĂąĂŻ /admin/locations
Î“Ă¶ÂŁ Î“ĂąĂŻ /announcements
Î“Ă¶ÂŁ â•žĂ† /api/attendance
Î“Ă¶ÂŁ â•žĂ† /api/attendance/clock-in
Î“Ă¶ÂŁ â•žĂ† /api/attendance/clock-out
Î“Ă¶ÂŁ â•žĂ† /api/attendance/requests/map
Î“Ă¶ÂŁ â•žĂ† /api/attendance/requests/override
Î“Ă¶ÂŁ â•žĂ† /api/attendance/validate-dress
Î“Ă¶ÂŁ â•žĂ† /api/auth/login
Î“Ă¶ÂŁ â•žĂ† /api/data/leaderboard
Î“Ă¶ÂŁ â•žĂ† /api/employees
Î“Ă¶ÂŁ â•žĂ† /api/employees/change-password
Î“Ă¶ÂŁ â•žĂ† /api/faculty/lectures
Î“Ă¶ÂŁ â•žĂ† /api/faculty/lectures/end
Î“Ă¶ÂŁ â•žĂ† /api/faculty/lectures/start
Î“Ă¶ÂŁ â•žĂ† /api/faculty/sprint-plan
Î“Ă¶ÂŁ â•žĂ† /api/faculty/sprint-plan/change-request
Î“Ă¶ÂŁ â•žĂ† /api/faculty/sprint-plan/lock
Î“Ă¶ÂŁ â•žĂ† /api/leaves
Î“Ă¶ÂŁ â•žĂ† /api/locations
Î“Ă¶ÂŁ â•žĂ† /api/locations/[id]
Î“Ă¶ÂŁ â•žĂ† /api/notices
Î“Ă¶ÂŁ â•žĂ† /api/reimbursements
Î“Ă¶ÂŁ â•žĂ† /api/schedule/approve
Î“Ă¶ÂŁ â•žĂ† /api/schedule/seed
Î“Ă¶ÂŁ â•žĂ† /api/schedule/set
Î“Ă¶ÂŁ â•žĂ† /api/send-email
Î“Ă¶ÂŁ â•žĂ† /api/tickets
Î“Ă¶ÂŁ Î“ĂąĂŻ /attendance
Î“Ă¶ÂŁ Î“ĂąĂŻ /change-password
Î“Ă¶ÂŁ Î“ĂąĂŻ /employees
Î“Ă¶ÂŁ Î“ĂąĂŻ /engagement
Î“Ă¶ÂŁ Î“ĂąĂŻ /faculty
Î“Ă¶ÂŁ Î“ĂąĂŻ /faculty/lecture-report
Î“Ă¶ÂŁ Î“ĂąĂŻ /faculty/lectures
Î“Ă¶ÂŁ Î“ĂąĂŻ /faculty/sprint-plan
Î“Ă¶ÂŁ Î“ĂąĂŻ /financials
Î“Ă¶ÂŁ Î“ĂąĂŻ /flag-calendar
Î“Ă¶ÂŁ Î“ĂąĂŻ /founder
Î“Ă¶ÂŁ Î“ĂąĂŻ /founder/communications
Î“Ă¶ÂŁ Î“ĂąĂŻ /hierarchy
Î“Ă¶ÂŁ Î“ĂąĂŻ /hr
Î“Ă¶ÂŁ Î“ĂąĂŻ /hr/attendance-override
Î“Ă¶ÂŁ Î“ĂąĂŻ /hr/dress-code
Î“Ă¶ÂŁ Î“ĂąĂŻ /hr/holiday-approval
Î“Ă¶ÂŁ Î“ĂąĂŻ /hr/pip
Î“Ă¶ÂŁ Î“ĂąĂŻ /hr/reimbursements
Î“Ă¶ÂŁ Î“ĂąĂŻ /hr/schedule-approval
Î“Ă¶ÂŁ Î“ĂąĂŻ /hr/sop
Î“Ă¶ÂŁ Î“ĂąĂŻ /inventory
Î“Ă¶ÂŁ Î“ĂąĂŻ /leaderboard
Î“Ă¶ÂŁ Î“ĂąĂŻ /leave
Î“Ă¶ÂŁ Î“ĂąĂŻ /locations
Î“Ă¶ÂŁ Î“ĂąĂŻ /login
Î“Ă¶ÂŁ Î“ĂąĂŻ /management/bi-weekly
Î“Ă¶ÂŁ Î“ĂąĂŻ /manager
Î“Ă¶ÂŁ Î“ĂąĂŻ /manager/attendance-override
Î“Ă¶ÂŁ Î“ĂąĂŻ /manager/holidays
Î“Ă¶ÂŁ Î“ĂąĂŻ /manager/leave-approval
Î“Ă¶ÂŁ Î“ĂąĂŻ /manager/misbehaviour
Î“Ă¶ÂŁ Î“ĂąĂŻ /manager/ratings
Î“Ă¶ÂŁ Î“ĂąĂŻ /manager/work-location
Î“Ă¶ÂŁ Î“ĂąĂŻ /meetings
Î“Ă¶ÂŁ Î“ĂąĂŻ /onboarding
Î“Ă¶ÂŁ Î“ĂąĂŻ /payroll
Î“Ă¶ÂŁ Î“ĂąĂŻ /profile
Î“Ă¶ÂŁ Î“ĂąĂŻ /recruitment
Î“Ă¶ÂŁ Î“ĂąĂŻ /reimbursement
Î“Ă¶ÂŁ Î“ĂąĂŻ /resignation
Î“Ă¶ÂŁ Î“ĂąĂŻ /sop
Î“Ă¶Ă¶ Î“ĂąĂŻ /tickets


Î“ĂąĂŻ  (Static)   prerendered as static content
â•žĂ†  (Dynamic)  server-rendered on demand

