next.config.ts(6,9): error TS2353: Object literal may only specify known properties, and 'turbo' does not exist in type 'ExperimentalConfig'.
